// Jest Snapshot v1, https://goo.gl/fbAQLP

exports[`test lambda task construct 1`] = `
Object {
  "Parameters": Object {
    "AssetParameters19e5586c081b38e9eca5946ab576bd2bc81edd3495382f002e1b08c84ced447aArtifactHashCB06F386": Object {
      "Description": "Artifact hash for asset \\"19e5586c081b38e9eca5946ab576bd2bc81edd3495382f002e1b08c84ced447a\\"",
      "Type": "String",
    },
    "AssetParameters19e5586c081b38e9eca5946ab576bd2bc81edd3495382f002e1b08c84ced447aS3Bucket66F7D124": Object {
      "Description": "S3 bucket for asset \\"19e5586c081b38e9eca5946ab576bd2bc81edd3495382f002e1b08c84ced447a\\"",
      "Type": "String",
    },
    "AssetParameters19e5586c081b38e9eca5946ab576bd2bc81edd3495382f002e1b08c84ced447aS3VersionKey226B62EA": Object {
      "Description": "S3 key for asset version \\"19e5586c081b38e9eca5946ab576bd2bc81edd3495382f002e1b08c84ced447a\\"",
      "Type": "String",
    },
  },
  "Resources": Object {
    "StepFuncWorkflowStackLambdaFunctionEA7C37F1": Object {
      "DependsOn": Array [
        "StepFuncWorkflowStackLambdaFunctionServiceRoleDefaultPolicyC18D2E91",
        "StepFuncWorkflowStackLambdaFunctionServiceRoleD7BAFDA7",
      ],
      "Metadata": Object {
        "cfn_nag": Object {
          "rules_to_suppress": Array [
            Object {
              "id": "W58",
              "reason": "Lambda functions has the required permission to write CloudWatch Logs. It uses custom policy instead of arn:aws:iam::aws:policy/service-role/AWSLambdaBasicExecutionRole with more tighter permissions.",
            },
          ],
        },
      },
      "Properties": Object {
        "Code": Object {
          "S3Bucket": Object {
            "Ref": "AssetParameters19e5586c081b38e9eca5946ab576bd2bc81edd3495382f002e1b08c84ced447aS3Bucket66F7D124",
          },
          "S3Key": Object {
            "Fn::Join": Array [
              "",
              Array [
                Object {
                  "Fn::Select": Array [
                    0,
                    Object {
                      "Fn::Split": Array [
                        "||",
                        Object {
                          "Ref": "AssetParameters19e5586c081b38e9eca5946ab576bd2bc81edd3495382f002e1b08c84ced447aS3VersionKey226B62EA",
                        },
                      ],
                    },
                  ],
                },
                Object {
                  "Fn::Select": Array [
                    1,
                    Object {
                      "Fn::Split": Array [
                        "||",
                        Object {
                          "Ref": "AssetParameters19e5586c081b38e9eca5946ab576bd2bc81edd3495382f002e1b08c84ced447aS3VersionKey226B62EA",
                        },
                      ],
                    },
                  ],
                },
              ],
            ],
          },
        },
        "Environment": Object {
          "Variables": Object {
            "AWS_NODEJS_CONNECTION_REUSE_ENABLED": "1",
          },
        },
        "Handler": "index.handler",
        "Role": Object {
          "Fn::GetAtt": Array [
            "StepFuncWorkflowStackLambdaFunctionServiceRoleD7BAFDA7",
            "Arn",
          ],
        },
        "Runtime": "nodejs12.x",
        "TracingConfig": Object {
          "Mode": "Active",
        },
      },
      "Type": "AWS::Lambda::Function",
    },
    "StepFuncWorkflowStackLambdaFunctionServiceRoleD7BAFDA7": Object {
      "Properties": Object {
        "AssumeRolePolicyDocument": Object {
          "Statement": Array [
            Object {
              "Action": "sts:AssumeRole",
              "Effect": "Allow",
              "Principal": Object {
                "Service": "lambda.amazonaws.com",
              },
            },
          ],
          "Version": "2012-10-17",
        },
        "Policies": Array [
          Object {
            "PolicyDocument": Object {
              "Statement": Array [
                Object {
                  "Action": Array [
                    "logs:CreateLogGroup",
                    "logs:CreateLogStream",
                    "logs:PutLogEvents",
                  ],
                  "Effect": "Allow",
                  "Resource": Object {
                    "Fn::Join": Array [
                      "",
                      Array [
                        "arn:",
                        Object {
                          "Ref": "AWS::Partition",
                        },
                        ":logs:",
                        Object {
                          "Ref": "AWS::Region",
                        },
                        ":",
                        Object {
                          "Ref": "AWS::AccountId",
                        },
                        ":log-group:/aws/lambda/*",
                      ],
                    ],
                  },
                },
              ],
              "Version": "2012-10-17",
            },
            "PolicyName": "LambdaFunctionServiceRolePolicy",
          },
        ],
      },
      "Type": "AWS::IAM::Role",
    },
    "StepFuncWorkflowStackLambdaFunctionServiceRoleDefaultPolicyC18D2E91": Object {
      "Metadata": Object {
        "cfn_nag": Object {
          "rules_to_suppress": Array [
            Object {
              "id": "W12",
              "reason": "Lambda needs the following minimum required permissions to send trace data to X-Ray.",
            },
          ],
        },
      },
      "Properties": Object {
        "PolicyDocument": Object {
          "Statement": Array [
            Object {
              "Action": Array [
                "xray:PutTraceSegments",
                "xray:PutTelemetryRecords",
              ],
              "Effect": "Allow",
              "Resource": "*",
            },
          ],
          "Version": "2012-10-17",
        },
        "PolicyName": "StepFuncWorkflowStackLambdaFunctionServiceRoleDefaultPolicyC18D2E91",
        "Roles": Array [
          Object {
            "Ref": "StepFuncWorkflowStackLambdaFunctionServiceRoleD7BAFDA7",
          },
        ],
      },
      "Type": "AWS::IAM::Policy",
    },
  },
}
`;
